[2025-04-20 19:10:04.460] [DISPLAY] [Main ] [fileutils] Checking version: C:\Program Files\Rockstar Games\Launcher\Launcher.exe
[2025-04-20 19:10:04.483] [DISPLAY] [Main ] [dx12] Retrieving D3D12 graphics info
[2025-04-20 19:10:04.749] [DISPLAY] [Main ] [launcher] Opening log file.
[2025-04-20 19:10:04.769] [DISPLAY] [Main ] [main] Command line: "C:\Program Files\Rockstar Games\Launcher\Launcher.exe" -skipPatcherCheck -xboxpcTitleId=2101636955 -xboxpcLocation="C:\XboxGames\Grand Theft Auto V Legacy\Content" -rlrosdomainenv=prod @args.txt
[2025-04-20 19:10:04.769] [DISPLAY] [Main ] [main] P4 Version: 
[2025-04-20 19:10:04.769] [DISPLAY] [Main ] [main] RGL Branch: release_feature_microsoft
[2025-04-20 19:10:04.769] [DISPLAY] [Main ] [main] Version: 1.0.102.2423
[2025-04-20 19:10:04.769] [DISPLAY] [Main ] [main] Parameters:
[2025-04-20 19:10:04.769] [DISPLAY] [Main ] [main]     C:\Program Files\Rockstar Games\Launcher\Launcher.exe
[2025-04-20 19:10:04.769] [DISPLAY] [Main ] [main]     -skipPatcherCheck
[2025-04-20 19:10:04.769] [DISPLAY] [Main ] [main]     -xboxpcTitleId=2101636955
[2025-04-20 19:10:04.769] [DISPLAY] [Main ] [main]     -xboxpcLocation=C:\XboxGames\Grand Theft Auto V Legacy\Content
[2025-04-20 19:10:04.769] [DISPLAY] [Main ] [main]     -rlrosdomainenv=prod
[2025-04-20 19:10:04.769] [DISPLAY] [Main ] [main]     @args.txt
[2025-04-20 19:10:04.769] [DISPLAY] [Main ] [main] Initial Working Directory: C:\Program Files\WindowsApps\RockstarGamesInc.3605912C1822C_1.0.3.0_x64__k2ss7vbb13xte
[2025-04-20 19:10:04.769] [DISPLAY] [Main ] [main] Working directory: C:\Program Files\Rockstar Games\Launcher
[2025-04-20 19:10:04.784] [DISPLAY] [Main ] [packfile] Initialize 'Launcher.rpf' - succeeded
[2025-04-20 19:10:04.784] [DISPLAY] [Main ] [localisation] Language updated to: 0
[2025-04-20 19:10:04.833] [DISPLAY] [Main ] [external] Creating Xbox PC min mode launch
[2025-04-20 19:10:04.833] [DISPLAY] [Main ] [external] Xbox PC Title Id: 0x7d446f5b
[2025-04-20 19:10:04.833] [DISPLAY] [Main ] [external] Xbox PC Location: C:\XboxGames\Grand Theft Auto V Legacy\Content
[2025-04-20 19:10:04.834] [DISPLAY] [Main ] [metadatamanager] Read external Xbox PC metadata: gta5
[2025-04-20 19:10:04.834] [DISPLAY] [Main ] [external] App: gta5
[2025-04-20 19:10:04.849] [ ERROR ] [Main ] [fileutils] Failed to delete directory: C:\Users\justi\OneDrive\Documents\Rockstar Games\GTAV Enhanced\User Music
[2025-04-20 19:10:04.850] [DISPLAY] [Main ] [subsystem] Init phase 1
[2025-04-20 19:10:04.851] [DISPLAY] [Main ] [titlestorage] Installed titles:
[2025-04-20 19:10:04.851] [DISPLAY] [Main ] [titlestorage]  Title                             Progress               Version              Location                                                    
[2025-04-20 19:10:04.859] [DISPLAY] [Main ] [fileutils] Checking version: C:\Program Files\Rockstar Games\Social Club\socialclub.dll
[2025-04-20 19:10:04.861] [DISPLAY] [Main ] [fileutils] Checking version: C:\Program Files\Rockstar Games\Launcher\RockstarService.exe
[2025-04-20 19:10:04.861] [DISPLAY] [Main ] [svc] Service version: 1.0.102.2423 (1.0.102.2423)
[2025-04-20 19:10:04.895] [DISPLAY] [Main ] [subsystem] Initializing group 0...
[2025-04-20 19:10:04.895] [DISPLAY] [Main ] [subsystem] Init phase 2
[2025-04-20 19:10:04.895] [DISPLAY] [Main ] [subsystem] Starting systems...
[2025-04-20 19:10:04.915] [DISPLAY] [Main ] [subsystem] Starting diag...
[2025-04-20 19:10:04.915] [DISPLAY] [Main ] [fileutils] Checking local versions...
[2025-04-20 19:10:04.915] [DISPLAY] [Main ] [fileutils] Checking version: C:\Program Files\Rockstar Games\Social Club\socialclub.dll
[2025-04-20 19:10:04.915] [DISPLAY] [Main ] [fileutils] Checking RGL version...
[2025-04-20 19:10:04.915] [DISPLAY] [Main ] [fileutils] Version: 2.4.0.71 | 1.0.102.2423 | FFP
[2025-04-20 19:10:04.915] [DISPLAY] [Main ] [subsystem] Starting net...
[2025-04-20 19:10:04.920] [DISPLAY] [Main ] [subsystem] Assigning pools...
[2025-04-20 19:10:04.920] [DISPLAY] [Main ] [subsystem] Initializing engine...
[2025-04-20 19:10:04.920] [DISPLAY] [Main ] [subsystem] Initializing group 1...
[2025-04-20 19:10:04.927] [DISPLAY] [Workr] [selfupdate] Up-to-date.
[2025-04-20 19:10:05.078] [DISPLAY] [Main ] [systemtray] System tray: enabled
[2025-04-20 19:10:05.100] [DISPLAY] [Main ] [launcher] Passed check: majorVersion(10.0.26100) >= 10
[2025-04-20 19:10:05.611] [DISPLAY] [bgsvc] [svc] Received response from service.
[2025-04-20 19:10:05.658] [DISPLAY] [Workr] [idownloader] Starting download of 'https://gamedownloads-rockstargames-com.akamaized.net/public/launcher_online_config.xml'
[2025-04-20 19:10:05.756] [DISPLAY] [Workr] [idownloader] Completed download of 'https://gamedownloads-rockstargames-com.akamaized.net/public/launcher_online_config.xml' (status: 0/200)
[2025-04-20 19:10:05.756] [DISPLAY] [Workr] [titlemanager] Downloading title list...
[2025-04-20 19:10:05.756] [DISPLAY] [Workr] [titlemanager] Downloading default title list (SCS)...
[2025-04-20 19:10:05.756] [DISPLAY] [Workr] [idownloader] Starting download of 'https://rgl-prod.ros.rockstargames.com/launcher/11/LauncherServices/App.asmx/GetDefaultApps?accessToken='
[2025-04-20 19:10:06.031] [DISPLAY] [Workr] [idownloader] Completed download of 'https://rgl-prod.ros.rockstargames.com/launcher/11/LauncherServices/App.asmx/GetDefaultApps?accessToken=' (status: 0/200)
[2025-04-20 19:10:06.031] [DISPLAY] [Workr] [titlemanager] Title list updated.
[2025-04-20 19:10:06.031] [DISPLAY] [Workr] [launcher] Checking for self-update...
[2025-04-20 19:10:06.039] [DISPLAY] [Workr] [statuschecker] Title Rockstar Games Launcher: No update
[2025-04-20 19:10:06.043] [DISPLAY] [Workr] [launcher] No self-update, continuing.
[2025-04-20 19:10:06.043] [DISPLAY] [Workr] [launcher] Checking for prerequisite updates...
[2025-04-20 19:10:06.043] [DISPLAY] [Workr] [fileutils] Checking version: C:\Program Files\Rockstar Games\Social Club\socialclub.dll
[2025-04-20 19:10:06.043] [DISPLAY] [Workr] [fileutils] Checking version: C:\Program Files\Rockstar Games\Launcher\Redistributables\SocialClub\Social-Club-Setup.exe
[2025-04-20 19:10:06.043] [DISPLAY] [Workr] [preqmanager] The Social Club version available matches that currently installed (both: 2.4.0.71)
[2025-04-20 19:10:06.043] [DISPLAY] [Workr] [titleupdater] No prerequisites to install.
[2025-04-20 19:10:06.043] [DISPLAY] [Workr] [launcher] Checking minimum SDK requirement
[2025-04-20 19:10:06.043] [DISPLAY] [Workr] [fileutils] Checking version: C:\Program Files\Rockstar Games\Social Club\socialclub.dll
[2025-04-20 19:10:06.084] [DISPLAY] [Workr] [launcher] Completed Social Club Pre-initialization tasks
[2025-04-20 19:10:06.092] [DISPLAY] [Main ] [subsystem] Init phase 3
[2025-04-20 19:10:06.135] [DISPLAY] [Main ] [subsystem] Initializing group 2...
[2025-04-20 19:10:06.732] [DISPLAY] [Workr] [dx12] Retrieving D3D12 graphics info
[2025-04-20 19:10:06.862] [DISPLAY] [Main ] [launcher] Social Club UI has started.
[2025-04-20 19:10:06.862] [DISPLAY] [Main ] [fileutils] Checking version: C:\Program Files\Rockstar Games\Social Club\socialclub.dll
[2025-04-20 19:10:06.862] [DISPLAY] [Admin] [external] Setting up xblpc title: gta5
[2025-04-20 19:10:06.929] [DISPLAY] [Main ] [minmode] XboxPC language: en-US (mapped to: en-US)
[2025-04-20 19:10:06.929] [DISPLAY] [Main ] [minmode] Overriding language from external game launch: en-US
[2025-04-20 19:10:06.929] [DISPLAY] [Main ] [localisation] Language updated to: 0
[2025-04-20 19:10:06.975] [DISPLAY] [Admin] [external] Successfully setup title
[2025-04-20 19:10:06.979] [DISPLAY] [Main ] [external] Client is ready to attempt a launch.
[2025-04-20 19:10:06.979] [DISPLAY] [Main ] [external] Frontend is ready to launch the title
[2025-04-20 19:10:07.453] [DISPLAY] [Main ] [launcher] Time to start up: 3014 ms
[2025-04-20 19:10:07.458] [DISPLAY] [Main ] [systemtray] System tray: enabled
[2025-04-20 19:10:07.477] [DISPLAY] [Main ] [ui_window_controller] UiWindowController::SetContext: Invalid -> Auth
[2025-04-20 19:10:07.477] [DISPLAY] [Main ] [ui_window_controller] UiWindowController::SetState: Invalid -> WaitForBrowser
[2025-04-20 19:10:07.498] [DISPLAY] [Main ] [ui_window_controller] UiWindowController::SetState: WaitForBrowser -> WaitForWindow
[2025-04-20 19:10:08.182] [DISPLAY] [Main ] [ui_window_controller] UiWindowController::SetState: WaitForWindow -> Active
[2025-04-20 19:10:08.685] [DISPLAY] [Main ] [ui_window_controller] UiWindowController::SetState: Active -> WaitForBrowser
[2025-04-20 19:10:08.685] [DISPLAY] [Main ] [ui_window_controller] UiWindowController::SetState: WaitForBrowser -> WaitForWindow
[2025-04-20 19:10:08.685] [DISPLAY] [Main ] [ui_window_controller] UiWindowController::SetState: WaitForWindow -> Active
[2025-04-20 19:10:33.230] [DISPLAY] [Main ] [ui_window_controller] UiWindowController::SetContext: Auth -> MainWindow
[2025-04-20 19:10:33.230] [DISPLAY] [Main ] [ui_window_controller] UiWindowController::SetState: Active -> WaitForBrowser
[2025-04-20 19:10:33.260] [DISPLAY] [Main ] [ui_mainwindow] Using DPI 144,144
[2025-04-20 19:10:33.260] [DISPLAY] [Main ] [ui_mainwindow] Using UI Scale: 1.50
[2025-04-20 19:10:33.260] [DISPLAY] [Main ] [ui_mainwindow] Using saved geometry: 960,594 (1920 x 900)
[2025-04-20 19:10:33.267] [DISPLAY] [Main ] [launcher] Presence Event - Signed In
[2025-04-20 19:10:33.267] [DISPLAY] [Main ] [launcher] User 'wittlebean' is now signed in
[2025-04-20 19:10:33.296] [DISPLAY] [Main ] [launcher] Presence Event :: Went Online
[2025-04-20 19:10:33.296] [DISPLAY] [Admin] [titlemanager] Downloading title list...
[2025-04-20 19:10:33.296] [DISPLAY] [Main ] [scuicallbacks] Enabling Downloading
[2025-04-20 19:10:33.296] [DISPLAY] [Main ] [ui_window_controller] UiWindowController::SetState: WaitForBrowser -> WaitForWindow
[2025-04-20 19:10:33.296] [DISPLAY] [Main ] [ui_window_controller] UiWindowController::SetState: WaitForWindow -> Active
[2025-04-20 19:10:33.297] [DISPLAY] [Admin] [titlemanager] Downloading title list (SCS)...
[2025-04-20 19:10:33.476] [DISPLAY] [Main ] [launcher] Friend Event - Friends are Available
[2025-04-20 19:10:33.777] [DISPLAY] [Main ] [scuicallbacks] Setting updated
[2025-04-20 19:10:33.777] [DISPLAY] [Main ] [scuicallbacks] Launch requested by user: gta5, default
[2025-04-20 19:10:33.777] [DISPLAY] [Main ] [external] Frontend is ready to launch the title
[2025-04-20 19:10:33.777] [DISPLAY] [Main ] [external] Attempting external title launch...
[2025-04-20 19:10:33.777] [DISPLAY] [Main ] [external_xboxpc] Attempting XboxPc launch. User is 'wittlebean'
[2025-04-20 19:10:33.777] [DISPLAY] [Main ] [gamelaunch] Begin game launch: gta5
[2025-04-20 19:10:33.777] [DISPLAY] [Main ] [gamelaunch] Flags: 2051
[2025-04-20 19:10:33.777] [DISPLAY] [Main ] [gamelaunch] Path: C:\XboxGames\Grand Theft Auto V Legacy\Content
[2025-04-20 19:10:33.795] [DISPLAY] [39372] [gamelaunch] Launch Folder: C:\XboxGames\Grand Theft Auto V Legacy\Content
[2025-04-20 19:10:33.795] [DISPLAY] [39372] [gamelaunch] Launch Path: C:\XboxGames\Grand Theft Auto V Legacy\Content\GTA5.exe
[2025-04-20 19:10:33.796] [DISPLAY] [39372] [fileutils] Checking version: C:\XboxGames\Grand Theft Auto V Legacy\Content\GTA5.exe
[2025-04-20 19:10:33.796] [DISPLAY] [39372] [fileutils] No version info: C:\XboxGames\Grand Theft Auto V Legacy\Content\GTA5.exe
[2025-04-20 19:10:33.797] [DISPLAY] [39372] [gamelaunch] RGL is up to date (current: 1.0.102.2423, minimum: 1.0.97.2200)
[2025-04-20 19:10:33.797] [DISPLAY] [39372] [fileutils] Checking version: C:\XboxGames\Grand Theft Auto V Legacy\Content\GTA5.exe
[2025-04-20 19:10:33.797] [DISPLAY] [39372] [fileutils] No version info: C:\XboxGames\Grand Theft Auto V Legacy\Content\GTA5.exe
[2025-04-20 19:10:33.797] [WARNING] [39372] [gamelaunch] Unable to get game version. Assuming game up to date.
[2025-04-20 19:10:33.797] [DISPLAY] [39372] [fileutils] Checking version: C:\Program Files\Rockstar Games\Social Club\socialclub.dll
[2025-04-20 19:10:33.853] [DISPLAY] [Admin] [titlemanager] Title list updated.
[2025-04-20 19:10:36.487] [DISPLAY] [Admin] [titlemanager] Downloading title list...
[2025-04-20 19:10:36.487] [DISPLAY] [Admin] [titlemanager] Downloading title list (SCS)...
[2025-04-20 19:10:36.910] [DISPLAY] [Admin] [titlemanager] Title list updated.
[2025-04-20 19:10:39.074] [DISPLAY] [Main ] [cloudsaveop] Cloud Save sync requested for app 'gta5'
[2025-04-20 19:10:39.091] [DISPLAY] [Main ] [cloudsaveop] Starting cloud save enabled check for app 'gta5'
[2025-04-20 19:10:41.367] [DISPLAY] [Main ] [cloudsaveop] Received cloud saves enabled state for app 'gta5' = enabled
[2025-04-20 19:10:41.367] [DISPLAY] [Main ] [cloudsaveop] Identifying potential cloud save conflicts for app 'gta5'
[2025-04-20 19:10:41.687] [DISPLAY] [Main ] [cloudsaveop] Received modification list of cloud save files for title 'gta5'
[2025-04-20 19:10:41.687] [DISPLAY] [Main ] [cloudsaveop] Retrieving conflict metadata for app 'gta5'
[2025-04-20 19:10:41.704] [DISPLAY] [Main ] [cloudsaveop] Downloaded conflict metadata for app 'gta5'
[2025-04-20 19:10:41.704] [DISPLAY] [Main ] [cloudsaveop] Posting updated files for app 'gta5'
[2025-04-20 19:10:41.720] [DISPLAY] [Main ] [cloudsaveop] File uploading completed for app 'gta5'
[2025-04-20 19:10:41.720] [DISPLAY] [Main ] [cloudsaveop] Getting update files for app 'gta5'
[2025-04-20 19:10:41.737] [DISPLAY] [Main ] [cloudsaveop] File downloading completed for app 'gta5'
[2025-04-20 19:10:41.737] [DISPLAY] [Main ] [cloudsaveop] Deleting updated files for app 'gta5'
[2025-04-20 19:10:41.754] [DISPLAY] [Main ] [cloudsaveop] Files deletion completed for app 'gta5'
[2025-04-20 19:10:41.754] [DISPLAY] [Main ] [cloudsaveop] Swapping updated files in place for app 'gta5'
[2025-04-20 19:10:41.770] [DISPLAY] [Main ] [cloudsaveop] Finished syncing cloud saves for app 'gta5'
[2025-04-20 19:10:41.825] [DISPLAY] [net4 ] [audio] Valid Audio Device: true
[2025-04-20 19:10:42.844] [DISPLAY] [39372] [gamelaunch] Launching game...
[2025-04-20 19:10:42.844] [DISPLAY] [39372] [gamelaunch]  Path: C:\XboxGames\Grand Theft Auto V Legacy\Content\GTA5_BE.exe
[2025-04-20 19:10:42.844] [DISPLAY] [39372] [gamelaunch]  Command Line: "C:\XboxGames\Grand Theft Auto V Legacy\Content\GTA5_BE.exe" -skipPatcherCheck -rlrosdomainenv=prod @args.txt -enableCrashpad -scCommerceProvider=4 @commandline.txt -fromRGL -scDiscordClientId=356876176465199104 -rglLanguage=en-US
[2025-04-20 19:10:42.844] [DISPLAY] [39372] [gamelaunch]  Working Directory: C:\XboxGames\Grand Theft Auto V Legacy\Content
[2025-04-20 19:10:42.855] [DISPLAY] [39372] [gamelaunch] Launching game from Rockstar Xbox Helper
[2025-04-20 19:10:43.056] [DISPLAY] [39372] [gamelaunch] Game launched from Rockstar Xbox Helper
[2025-04-20 19:13:45.399] [WARNING] [39372] [gamelaunch] No game or BattlEye window exists for game tracking.
[2025-04-20 19:13:45.399] [DISPLAY] [39372] [gamelaunch] Game exited with code 0x40010004 (1073807364)
[2025-04-20 19:13:45.442] [DISPLAY] [39372] [crashdetection] Game left no exit file.
[2025-04-20 19:13:45.442] [ ERROR ] [39372] [crashdetection] Exit code 0x40010004 indicates a fatal game exit (reason: Unknown Error Code)
[2025-04-20 19:13:45.442] [ ERROR ] [39372] [gamelaunch] Game did not create a window and exited with code 0x40010004, which likely indicates a fatal game exit during startup
